[2026-10-07T22:26:32] protocol=REST server=S01 client=C99 requestId=verif-6e18ddf5 operation=GET_PRODUCT input=KB-100 status=200 result=OK durationMs=3
[2026-10-07T22:26:32] protocol=REST server=S01 client=C99 requestId=verif-3c16987f operation=GET_PRODUCT input=MS-200 status=200 result=OK durationMs=1
[2026-10-07T22:26:32] protocol=REST server=S01 client=C99 requestId=verif-6531e248 operation=GET_PRODUCT input=HD-300 status=200 result=OK durationMs=1
[2026-10-07T22:26:32] protocol=REST server=S01 client=C99 requestId=verif-bf103213 operation=GET_PRODUCT input=MN-400 status=200 result=OK durationMs=1
[2026-10-07T22:26:32] protocol=REST server=S01 client=C99 requestId=verif-05f9d38e operation=GET_PRODUCT input=XX-999 status=404 result=ERROR code=PRODUCT_NOT_FOUND durationMs=1
[2026-10-07T22:26:32] protocol=REST server=S01 client=? requestId=verif-sem-equipe operation=GET_PRODUCT input=- status=400 result=ERROR code=MISSING_REQUIRED_HEADER durationMs=0
[2026-10-07T22:26:32] protocol=REST server=S01 client=C99 requestId=- operation=GET_PRODUCT input=- status=400 result=ERROR code=MISSING_REQUIRED_HEADER durationMs=0
[2026-10-07T22:26:32] protocol=REST server=S01 client=C99 requestId=verif-09e9c999 operation=POST_QUOTE input=2xKB-100,1xMS-200 status=200 result=OK durationMs=2
[2026-10-07T22:26:32] protocol=REST server=S01 client=C99 requestId=verif-a7cad247 operation=POST_QUOTE input=1xMN-400 status=200 result=OK durationMs=1
[2026-10-07T22:26:32] protocol=REST server=S01 client=C99 requestId=verif-32048243 operation=POST_QUOTE input=1xHD-300 status=200 result=OK durationMs=1
[2026-10-07T22:26:32] protocol=REST server=S01 client=C99 requestId=verif-2d502006 operation=POST_QUOTE input=1xHD-300 status=200 result=OK durationMs=1
[2026-10-07T22:26:32] protocol=REST server=S01 client=C99 requestId=verif-b9f12e0f operation=POST_QUOTE input=corpo-invalido status=400 result=ERROR code=INVALID_REQUEST durationMs=3
[2026-10-07T22:26:32] protocol=REST server=S01 client=C99 requestId=verif-9db34be5 operation=POST_QUOTE input=corpo-invalido status=400 result=ERROR code=INVALID_REQUEST durationMs=4
[2026-10-07T22:26:32] protocol=REST server=S01 client=C99 requestId=verif-728abc7b operation=POST_QUOTE input=corpo-invalido status=400 result=ERROR code=INVALID_REQUEST durationMs=1
[2026-10-07T22:26:32] protocol=REST server=S01 client=C99 requestId=verif-ac5806a9 operation=POST_QUOTE input=1xXX-999 status=422 result=ERROR code=INVALID_PRODUCT durationMs=1
[2026-10-07T22:26:32] protocol=REST server=S01 client=C99 requestId=verif-dc8ec629 operation=POST_QUOTE input=0xKB-100 status=422 result=ERROR code=INVALID_QUANTITY_OR_ITEMS durationMs=1
[2026-10-07T22:26:33] protocol=REST server=S01 client=C99 requestId=verif-5606d3d4 operation=POST_QUOTE input=11xKB-100 status=422 result=ERROR code=INVALID_QUANTITY_OR_ITEMS durationMs=1
[2026-10-07T22:26:33] protocol=REST server=S01 client=C99 requestId=verif-aa1e75e7 operation=POST_QUOTE input=1xKB-100,2xKB-100 status=422 result=ERROR code=INVALID_QUANTITY_OR_ITEMS durationMs=1
[2026-10-07T22:26:33] protocol=REST server=S01 client=C99 requestId=verif-c278f19a operation=POST_QUOTE input=sem-itens status=422 result=ERROR code=INVALID_QUANTITY_OR_ITEMS durationMs=1
[2026-10-07T22:26:33] protocol=REST server=S01 client=C99 requestId=verif-54644e14 operation=POST_QUOTE input=1xKB-100,1xKB-101,1xKB-102,1xKB-103,1xKB-104,1xKB-105 status=422 result=ERROR code=INVALID_QUANTITY_OR_ITEMS durationMs=1
[2026-10-07T22:26:33] protocol=GRPC server=S01 client=C99 requestId=- operation=Health status=OK result=OK durationMs=0
[2026-10-07T22:26:33] protocol=GRPC server=S01 client=? requestId=- operation=Health status=INVALID_ARGUMENT result=ERROR detail=MISSING_CLIENT_TEAM durationMs=0
[2026-10-07T22:26:33] protocol=GRPC server=S01 client=C99 requestId=verif-grpc operation=CalculateShipping weight=1500 zone=LOCAL mode=STANDARD status=OK priceCents=1800 estimatedDays=2 result=OK durationMs=0
[2026-10-07T22:26:33] protocol=GRPC server=S01 client=C99 requestId=verif-grpc operation=CalculateShipping weight=2500 zone=REGIONAL mode=EXPRESS status=OK priceCents=4600 estimatedDays=2 result=OK durationMs=0
[2026-10-07T22:26:33] protocol=GRPC server=S01 client=C99 requestId=verif-grpc operation=CalculateShipping weight=1000 zone=NATIONAL mode=STANDARD status=OK priceCents=3400 estimatedDays=7 result=OK durationMs=0
[2026-10-07T22:26:33] protocol=GRPC server=S01 client=C99 requestId=verif-grpc operation=CalculateShipping weight=1 zone=LOCAL mode=EXPRESS status=OK priceCents=2200 estimatedDays=1 result=OK durationMs=0
[2026-10-07T22:26:33] protocol=GRPC server=S01 client=C99 requestId=verif-grpc operation=CalculateShipping weight=1001 zone=REGIONAL mode=STANDARD status=OK priceCents=2600 estimatedDays=4 result=OK durationMs=0
[2026-10-07T22:26:33] protocol=GRPC server=S01 client=C99 requestId=verif-grpc operation=CalculateShipping weight=30000 zone=NATIONAL mode=EXPRESS status=OK priceCents=22500 estimatedDays=3 result=OK durationMs=0
[2026-10-07T22:26:33] protocol=GRPC server=S01 client=? requestId=verif-grpc operation=CalculateShipping weight=1000 zone=LOCAL mode=STANDARD status=INVALID_ARGUMENT result=ERROR detail=MISSING_CLIENT_TEAM durationMs=0
[2026-10-07T22:26:33] protocol=GRPC server=S01 client=C99 requestId=- operation=CalculateShipping weight=1000 zone=LOCAL mode=STANDARD status=INVALID_ARGUMENT result=ERROR detail=MISSING_REQUEST_ID durationMs=0
[2026-10-07T22:26:33] protocol=GRPC server=S01 client=C99 requestId=verif-grpc operation=CalculateShipping weight=0 zone=LOCAL mode=STANDARD status=INVALID_ARGUMENT result=ERROR detail=INVALID_WEIGHT durationMs=0
[2026-10-07T22:26:33] protocol=GRPC server=S01 client=C99 requestId=verif-grpc operation=CalculateShipping weight=30001 zone=LOCAL mode=STANDARD status=INVALID_ARGUMENT result=ERROR detail=INVALID_WEIGHT durationMs=0
[2026-10-07T22:26:33] protocol=GRPC server=S01 client=C99 requestId=verif-grpc operation=CalculateShipping weight=1000 zone=SHIPPING_ZONE_UNSPECIFIED mode=STANDARD status=INVALID_ARGUMENT result=ERROR detail=INVALID_ZONE durationMs=0
[2026-10-07T22:26:33] protocol=GRPC server=S01 client=C99 requestId=verif-grpc operation=CalculateShipping weight=1000 zone=LOCAL mode=SHIPPING_MODE_UNSPECIFIED status=INVALID_ARGUMENT result=ERROR detail=INVALID_MODE durationMs=0
[2026-10-07T22:26:34] protocol=REST server=S01 client=C01 requestId=C01-R1-1bae7f031758 operation=GET_PRODUCT input=KB-100 status=200 result=OK durationMs=1
[2026-10-07T22:26:34] protocol=REST server=S01 client=C01 requestId=C01-R2-7239c90dc74b operation=GET_PRODUCT input=XX-999 status=404 result=ERROR code=PRODUCT_NOT_FOUND durationMs=1
[2026-10-07T22:26:34] protocol=REST server=S01 client=C01 requestId=C01-R3-eacf46d2e3b0 operation=POST_QUOTE input=2xKB-100,1xMS-200 status=200 result=OK durationMs=8
[2026-10-07T22:26:34] protocol=REST server=S01 client=C01 requestId=C01-R4-e94c53f910d6 operation=POST_QUOTE input=1xMN-400 status=200 result=OK durationMs=1
[2026-10-07T22:26:34] protocol=REST server=S01 client=C01 requestId=C01-R5-eacd86a6f66e operation=POST_QUOTE input=1xXX-999 status=422 result=ERROR code=INVALID_PRODUCT durationMs=1
[2026-10-07T22:26:34] protocol=GRPC server=S01 client=C01 requestId=- operation=Health status=OK result=OK durationMs=0
[2026-10-07T22:26:34] protocol=GRPC server=S01 client=C01 requestId=C01-G2-a94895fc3fa2 operation=CalculateShipping weight=1500 zone=LOCAL mode=STANDARD status=OK priceCents=1800 estimatedDays=2 result=OK durationMs=0
[2026-10-07T22:26:34] protocol=GRPC server=S01 client=C01 requestId=C01-G3-6e00c692fc15 operation=CalculateShipping weight=2500 zone=REGIONAL mode=EXPRESS status=OK priceCents=4600 estimatedDays=2 result=OK durationMs=0
[2026-10-07T22:26:34] protocol=GRPC server=S01 client=C01 requestId=C01-G4-add6083ccf2b operation=CalculateShipping weight=1000 zone=NATIONAL mode=STANDARD status=OK priceCents=3400 estimatedDays=7 result=OK durationMs=0
[2026-10-07T22:26:34] protocol=GRPC server=S01 client=C01 requestId=C01-G5-dbbeeb029310 operation=CalculateShipping weight=0 zone=LOCAL mode=STANDARD status=INVALID_ARGUMENT result=ERROR detail=INVALID_WEIGHT durationMs=0
